
> peninsula-insider-next@0.0.1 build:search
> npm run build && npx pagefind --site dist


> peninsula-insider-next@0.0.1 prebuild
> node scripts/clear-content-cache.mjs

[prebuild] Cleared content cache: /home/user/peninsula-insider/next/node_modules/.astro
[prebuild] Cleared content cache: /home/user/peninsula-insider/next/.astro-build-cache
[prebuild] Cleared content cache: /home/user/peninsula-insider/next/.astro
[prebuild] Content layer cache cleared. Astro will rebuild from source.

> peninsula-insider-next@0.0.1 build
> node scripts/clear-content-cache.mjs && npm run media:registry && npm run lint:no-pricing && npm run lint:house-style && npm run lint:region-images && npm run lint:surfaces && npm run lint:nav-budget && npm run lint:css-budget && npm run lint:coordinates && astro build && npm run lint:no-hidden-pages && npm run lint:seo-architecture && npm run lint:filter-chips && npm run audit:agent-readiness && npm run assert:link-graph

[prebuild] Cleared content cache: /home/user/peninsula-insider/next/node_modules/.astro
[prebuild] Cleared content cache: /home/user/peninsula-insider/next/.astro-build-cache
[prebuild] Cleared content cache: /home/user/peninsula-insider/next/.astro
[prebuild] Content layer cache cleared. Astro will rebuild from source.

> peninsula-insider-next@0.0.1 media:registry
> node scripts/build-media-registry.mjs

Wrote 149 media asset(s) to public/admin/media-registry.json

> peninsula-insider-next@0.0.1 lint:no-pricing
> node scripts/lint-no-pricing.mjs

✓ No pricing renderers found. Site is clean.

> peninsula-insider-next@0.0.1 lint:house-style
> node scripts/lint-house-style.mjs

✓ House style clean: no em-dashes in content.

> peninsula-insider-next@0.0.1 lint:region-images
> node scripts/lint-region-images.mjs

Region image wiring lint passed for 5 region page(s).

> peninsula-insider-next@0.0.1 lint:surfaces
> node scripts/audit-surface-hardening.mjs

Surface hardening audit passed.

> peninsula-insider-next@0.0.1 lint:nav-budget
> node scripts/lint-nav-budget.mjs

nav budget:
  header choices : 55 / 55  (logo 1 + triggers 7 + utilities 3 + panel links 44)
  drawer items   : 14 / 14  (rows 13 + CTA 1)

OK: navigation within budget.

> peninsula-insider-next@0.0.1 lint:css-budget
> node scripts/check-css-budget.mjs

css budget:
  file                 lines    vs base
  -----------------  -------  ---------
  account.css            304          0
  concierge.css         1025          0
  edition.css            506          0
  global.css           10829        +64
  inline-edit.css        875          0
  magenta-stone.css      170          0
  primitives.css         672        +23
  search.css             709        +12
  tailwind.css            14          0
  v5-tokens.css          112          0
  v6-tokens.css          216        +23
  v4.css             deleted         -1
  -----------------  -------  ---------
  TOTAL                15432  / 16100

OK: stylesheets within budget (668 lines of headroom).

> peninsula-insider-next@0.0.1 lint:coordinates
> node scripts/lint-coordinates.mjs

coordinate bounds: checked 218 entries across venues, experiences, places
OK: all coordinates within the Peninsula bounding box.
08:25:41 [content] Syncing content
08:25:41 [WARN] [glob-loader] No files found matching "**/*.{md,mdx}" in directory "src/content/local-secrets"
08:25:47 [content] Synced content
08:25:47 [types] Generated 7.62s
08:25:47 [build] output: "static"
08:25:47 [build] mode: "static"
08:25:47 [build] directory: /home/user/peninsula-insider/next/dist/
08:25:47 [build] Collecting build info...
08:25:47 [build] ✓ Completed in 7.77s.
08:25:48 [build] Building static entrypoints...
08:26:06 [vite] ✓ built in 17.57s
08:26:16 [vite] ✓ built in 10.25s
08:26:16 [build] Rearranging server assets...

 generating static routes 
The collection "localSecrets" does not exist or is empty. Please check your content config file for errors.
08:26:18   ├─ /404.html (+67ms) 
08:26:18   ├─ /about/index.html (+173ms) 
08:26:18   ├─ /access/index.html (+6ms) 
08:26:18   ├─ /accessibility/index.html (+12ms) 
08:26:18   ├─ /account/likes/index.html (+6ms) 
08:26:18   ├─ /account/pass/index.html (+38ms) 
08:26:18   ├─ /account/saved/index.html (+19ms) 
08:26:18   ├─ /account/index.html (+13ms) 
08:26:18   ├─ /admin/entry/index.html (+13ms) 
08:26:18   ├─ /admin/image-intelligence/index.html (+13ms) 
08:26:18   ├─ /admin/login/index.html (+11ms) 
08:26:18   ├─ /admin/media/index.html (+11ms) 
08:26:18   ├─ /admin/index.html (+9ms) 
08:26:18   ├─ /alerts/index.html (+51ms) 
08:26:18   ├─ /ask/index.html (+99ms) 
08:26:18   ├─ /awards/nominate/index.html (+49ms) 
08:26:18   ├─ /awards/restaurant-of-the-year/index.html (+27ms) 
08:26:18   ├─ /awards/cellar-door-of-the-year/index.html (+24ms) 
08:26:18   ├─ /awards/stay-of-the-year/index.html (+23ms) 
08:26:18   ├─ /awards/walk-of-the-year/index.html (+30ms) 
08:26:18   ├─ /awards/best-new-opening/index.html (+23ms) 
08:26:18   ├─ /awards/best-family-day/index.html (+29ms) 
08:26:18   ├─ /awards/locals-choice/index.html (+27ms) 
08:26:18   ├─ /awards/worth-the-drive/index.html (+25ms) 
08:26:18   ├─ /awards/editorial-discovery/index.html (+27ms) 
08:26:18   ├─ /awards/index.html (+42ms) 
08:26:18   ├─ /boating/boat-hire/index.html (+5ms) 
08:26:18   ├─ /boating/hire/rye-boat-hire/index.html (+4ms) 
08:26:18   ├─ /boating/hire/sorrento-boat-hire/index.html (+5ms) 
08:26:18   ├─ /boating/hire/mornington-boat-hire/index.html (+37ms) 
08:26:18   ├─ /boating/hire/index.html (+50ms) 
08:26:19   ├─ /boating/ramp/index.html (+5ms) 
08:26:19   ├─ /boating/ramps/hastings-boat-ramp/index.html (+29ms) 
08:26:19   ├─ /boating/ramps/mornington-park-boat-ramp/index.html (+25ms) 
08:26:19   ├─ /boating/ramps/rye-boat-ramp/index.html (+33ms) 
08:26:19   ├─ /boating/ramps/safety-beach-boat-ramp/index.html (+27ms) 
08:26:19   ├─ /boating/ramps/sorrento-boat-ramp/index.html (+28ms) 
08:26:19   ├─ /boating/ramps/warneet-boat-ramp/index.html (+24ms) 
08:26:19   ├─ /boating/ramps/index.html (+44ms) 
08:26:19   ├─ /boating/tides-safety/index.html (+41ms) 
08:26:19   ├─ /boating/index.html (+46ms) 
08:26:19   ├─ /careers/index.html (+9ms) 
08:26:19   ├─ /complaints/index.html (+5ms) 
08:26:19   ├─ /contact/index.html (+31ms) 
08:26:19   ├─ /corporate-events/best-corporate-retreat-venues-mornington-peninsula/index.html (+50ms) 
08:26:19   ├─ /corporate-events/index.html (+67ms) 
08:26:19   ├─ /corrections/index.html (+12ms) 
08:26:19   ├─ /data/index.json (+63ms) 
08:26:19   ├─ /data/places.json (+8ms) 
08:26:19   ├─ /data/venues.json (+28ms) 
08:26:19   ├─ /dev/v5-cards/index.html[v5 Card] verdict over 25 words for "anzac-day-sorrento-dawn"
[v5 Card] title over 60 chars (64): "A Flinders Weekend: The Case for the Quiet Side of the Penin..."
[v5 Card] verdict over 25 words for "a-flinders-weekend"
[v5 Card] verdict over 25 words for "a-winter-peninsula-weekend"
 (+111ms) 
08:26:19   ├─ /dev/v5-filters/index.html (+25ms) 
08:26:19   ├─ /dispatch/index.html (+13ms) 
08:26:19   ├─ /do/index.html (+10ms) 
08:26:19   ├─ /dog-friendly/index.html (+43ms) 
08:26:19   ├─ /eat/bakeries/index.html (+144ms) 
08:26:19   ├─ /eat/barmah-park-vineyard/index.html (+5ms) 
08:26:19   ├─ /eat/best-restaurants/index.html (+212ms) 
08:26:20   ├─ /eat/breweries/index.html (+104ms) 
08:26:20   ├─ /eat/brunch/index.html (+137ms) 
08:26:20   ├─ /eat/cafes/index.html (+66ms) 
08:26:20   ├─ /eat/cellar-door-lunch/index.html (+120ms) 
08:26:20   ├─ /eat/date-night/index.html (+82ms) 
08:26:20   ├─ /eat/distilleries/index.html (+57ms) 
08:26:20   ├─ /eat/dog-friendly/index.html (+5ms) 
08:26:20   ├─ /eat/family-friendly/index.html (+101ms) 
08:26:20   ├─ /eat/fine-dining/index.html (+61ms) 
08:26:20   ├─ /eat/hatted-restaurants/index.html (+64ms) 
08:26:20   ├─ /eat/long-lunch/index.html (+68ms) 
08:26:21   ├─ /eat/markets/index.html (+113ms) 
08:26:21   ├─ /eat/no-booking/index.html (+65ms) 
08:26:21   ├─ /eat/paddock-to-plate/index.html (+75ms) 
08:26:21   ├─ /eat/port-phillip-estate-restaurant/index.html (+5ms) 
08:26:21   ├─ /eat/providores/index.html (+81ms) 
08:26:21   ├─ /eat/pubs/index.html (+94ms) 
08:26:21   ├─ /eat/seafood/index.html (+86ms) 
08:26:21   ├─ /eat/waterfront/index.html (+68ms) 
08:26:21   ├─ /eat/allis-wine-bar/index.html (+116ms) 
08:26:21   ├─ /eat/avani-wines/index.html (+72ms) 
08:26:21   ├─ /eat/baillieu-vineyard/index.html (+82ms) 
08:26:21   ├─ /eat/balnarring-bakehouse/index.html (+84ms) 
08:26:21   ├─ /eat/balnarring-market/index.html (+74ms) 
08:26:22   ├─ /eat/balnarring-pub/index.html (+71ms) 
08:26:22   ├─ /eat/barmah-park/index.html (+99ms) 
08:26:22   ├─ /eat/barragunda-dining/index.html (+71ms) 
08:26:22   ├─ /eat/bass-and-flinders/index.html (+84ms) 
08:26:22   ├─ /eat/bistro-elba/index.html (+83ms) 
08:26:22   ├─ /eat/commonfolk-coffee/index.html (+95ms) 
08:26:22   ├─ /eat/crittenden-estate/index.html (+63ms) 
08:26:22   ├─ /eat/crittenden-restaurant/index.html (+96ms) 
08:26:22   ├─ /eat/dexter-wines/index.html (+49ms) 
08:26:22   ├─ /eat/doot-doot-doot/index.html (+100ms) 
08:26:22   ├─ /eat/dromana-estate/index.html (+55ms) 
08:26:22   ├─ /eat/dromana-hotel/index.html (+67ms) 
08:26:22   ├─ /eat/elan-vineyard/index.html (+48ms) 
08:26:23   ├─ /eat/eldridge-estate/index.html (+48ms) 
08:26:23   ├─ /eat/elgee-park/index.html (+227ms) 
08:26:23   ├─ /eat/epicurean-red-hill/index.html (+180ms) 
08:26:23   ├─ /eat/flinders-general-store/index.html (+101ms) 
08:26:23   ├─ /eat/flinders-sourdough/index.html (+75ms) 
08:26:23   ├─ /eat/foxeys-hangout/index.html (+44ms) 
08:26:23   ├─ /eat/garagiste/index.html (+48ms) 
08:26:23   ├─ /eat/georgie-bass/index.html (+78ms) 
08:26:23   ├─ /eat/green-olive-red-hill/index.html (+74ms) 
08:26:23   ├─ /eat/hurley-vineyard/index.html (+66ms) 
08:26:23   ├─ /eat/jetty-road-brewery/index.html (+73ms) 
08:26:24   ├─ /eat/johnny-ripe/index.html (+80ms) 
08:26:24   ├─ /eat/kerri-greens/index.html (+54ms) 
08:26:24   ├─ /eat/kooyong/index.html (+51ms) 
08:26:24   ├─ /eat/la-baracca-tgallant/index.html (+74ms) 
08:26:24   ├─ /eat/laura-pt-leo/index.html (+93ms) 
08:26:24   ├─ /eat/lightfoot-wines/index.html (+65ms) 
08:26:24   ├─ /eat/main-ridge-dairy/index.html (+81ms) 
08:26:24   ├─ /eat/main-ridge-estate/index.html (+56ms) 
08:26:24   ├─ /eat/many-little/index.html (+71ms) 
08:26:24   ├─ /eat/martha-s-table/index.html (+67ms) 
08:26:24   ├─ /eat/merricks-estate/index.html (+59ms) 
08:26:24   ├─ /eat/merricks-general-wine-store/index.html (+93ms) 
08:26:24   ├─ /eat/moke-dining/index.html (+71ms) 
08:26:24   ├─ /eat/montalto/index.html (+48ms) 
08:26:24   ├─ /eat/moorooduc-estate/index.html (+47ms) 
08:26:25   ├─ /eat/morning-sun/index.html (+60ms) 
08:26:25   ├─ /eat/mornington-farmers-market/index.html (+70ms) 
08:26:25   ├─ /eat/mornington-hotel/index.html (+71ms) 
08:26:25   ├─ /eat/mornington-main-street-market/index.html (+67ms) 
08:26:25   ├─ /eat/mornington-peninsula-brewery/index.html (+71ms) 
08:26:25   ├─ /eat/mornington-peninsula-chocolates/index.html (+65ms) 
08:26:25   ├─ /eat/mount-eliza-farmers-market/index.html (+73ms) 
08:26:25   ├─ /eat/mr-vincenzos/index.html (+79ms) 
08:26:25   ├─ /eat/nazaaray-estate/index.html (+53ms) 
08:26:25   ├─ /eat/ocean-eight/index.html (+44ms) 
08:26:25   ├─ /eat/onannon/index.html (+63ms) 
08:26:25   ├─ /eat/ouest-france-bistro/index.html (+80ms) 
08:26:25   ├─ /eat/paradigm-hill/index.html (+58ms) 
08:26:25   ├─ /eat/paringa-estate/index.html (+66ms) 
08:26:25   ├─ /eat/peninsula-fresh-organics/index.html (+82ms) 
08:26:26   ├─ /eat/phaedrus-estate/index.html (+77ms) 
08:26:26   ├─ /eat/pier-street-flinders/index.html (+74ms) 
08:26:26   ├─ /eat/pier-street-seafood/index.html (+73ms) 
08:26:26   ├─ /eat/point-leo-wine-terrace/index.html (+100ms) 
08:26:26   ├─ /eat/polperro/index.html (+45ms) 
08:26:26   ├─ /eat/port-phillip-estate/index.html (+42ms) 
08:26:26   ├─ /eat/portsea-hotel/index.html (+65ms) 
08:26:26   ├─ /eat/prancing-horse-estate/index.html (+55ms) 
08:26:26   ├─ /eat/pt-leo-estate/index.html (+48ms) 
08:26:26   ├─ /eat/quealy-winemakers/index.html (+58ms) 
08:26:26   ├─ /eat/rare-hare/index.html (+81ms) 
08:26:26   ├─ /eat/red-gum-bbq/index.html (+71ms) 
08:26:26   ├─ /eat/red-hill-bakery/index.html (+76ms) 
08:26:26   ├─ /eat/red-hill-brewery/index.html (+81ms) 
08:26:26   ├─ /eat/red-hill-cheese/index.html (+72ms) 
08:26:27   ├─ /eat/red-hill-estate/index.html (+51ms) 
08:26:27   ├─ /eat/red-hill-market/index.html (+70ms) 
08:26:27   ├─ /eat/rye-beachside-market/index.html (+72ms) 
08:26:27   ├─ /eat/rye-hotel/index.html (+69ms) 
08:26:27   ├─ /eat/scorpo-wines/index.html (+70ms) 
08:26:27   ├─ /eat/small-stone-pantry/index.html (+91ms) 
08:26:27   ├─ /eat/somers-general/index.html (+75ms) 
08:26:27   ├─ /eat/sorrento-hotel/index.html (+81ms) 
08:26:27   ├─ /eat/sourdough-kitchen/index.html (+83ms) 
08:26:27   ├─ /eat/st-andrews-beach-brewery/index.html (+84ms) 
08:26:27   ├─ /eat/stonier-wines/index.html (+72ms) 
08:26:27   ├─ /eat/stringers-sorrento/index.html (+99ms) 
08:26:27   ├─ /eat/stumpy-gully-vineyard/index.html (+51ms) 
08:26:28   ├─ /eat/t-gallant/index.html (+52ms) 
08:26:28   ├─ /eat/tedesca-osteria/index.html (+104ms) 
08:26:28   ├─ /eat/ten-minutes-by-tractor/index.html (+55ms) 
08:26:28   ├─ /eat/the-baths-sorrento/index.html (+73ms) 
08:26:28   ├─ /eat/the-bay-hotel-mornington/index.html (+76ms) 
08:26:28   ├─ /eat/the-rocks-mornington/index.html (+72ms) 
08:26:28   ├─ /eat/trofeo-estate/index.html (+71ms) 
08:26:28   ├─ /eat/tucks-ridge/index.html (+77ms) 
08:26:28   ├─ /eat/two-bays-brewing/index.html (+75ms) 
08:26:28   ├─ /eat/via-boffe/index.html (+86ms) 
08:26:28   ├─ /eat/willow-creek-vineyard/index.html (+57ms) 
08:26:28   ├─ /eat/yabby-lake/index.html (+59ms) 
08:26:28   ├─ /eat/index.html (+78ms) 
08:26:28   ├─ /eat-drink/index.html (+6ms) 
08:26:28   ├─ /editorial-approach/index.html (+46ms) 
08:26:29   ├─ /escape/mornington-peninsula-itinerary/index.html (+6ms) 
08:26:29   ├─ /escape/flinders-and-cape-reset/index.html (+2ms) 
08:26:29   ├─ /escape/ridge-to-sea-two-night-escape/index.html (+2ms) 
08:26:29   ├─ /escape/sorrento-off-season-weekend/index.html (+2ms) 
08:26:29   ├─ /escape/the-family-day-out/index.html (+2ms) 
08:26:29   ├─ /escape/the-peninsula-golf-weekend/index.html (+2ms) 
08:26:29   ├─ /escape/wellness-weekend/index.html (+2ms) 
08:26:29   ├─ /escape/index.html (+5ms) 
08:26:29   ├─ /ethics/index.html (+4ms) 
08:26:29   ├─ /events/annual-festivals/index.html (+76ms) 
08:26:29   ├─ /events/main-street-mornington-festival/index.html (+32ms) 
08:26:29   ├─ /events/mornington-winter-music-festival/index.html (+28ms) 
08:26:29   ├─ /events/peninsula-film-festival/index.html (+26ms) 
08:26:29   ├─ /events/portsea-polo/index.html (+38ms) 
08:26:29   ├─ /events/portsea-swim-classic/index.html (+25ms) 
08:26:29   ├─ /events/portsea-twilight/index.html (+26ms) 
08:26:29   ├─ /events/sailing-regattas/index.html (+25ms) 
08:26:29   ├─ /events/sorrento-writers-festival/index.html (+32ms) 
08:26:29   ├─ /events/wine-weekends/index.html (+55ms) 
08:26:29   ├─ /events/winter-wine-weekend/index.html (+26ms) 
08:26:29   ├─ /events/index.html (+45ms) 
08:26:29   ├─ /explore/balnarring-farmers-market/index.html (+8ms) 
08:26:29   ├─ /explore/beaches/index.html (+171ms) 
08:26:29   ├─ /explore/best-walks/index.html (+6ms) 
08:26:29   ├─ /explore/bushrangers-bay/index.html (+7ms) 
08:26:29   ├─ /explore/day-trips/index.html (+33ms) 
08:26:29   ├─ /explore/dog-friendly/index.html (+8ms) 
08:26:29   ├─ /explore/family-friendly/index.html (+31ms) 
08:26:29   ├─ /explore/free/index.html (+6ms) 
08:26:29   ├─ /explore/getting-around/index.html (+28ms) 
08:26:29   ├─ /explore/getting-here/index.html (+28ms) 
08:26:29   ├─ /explore/golf/index.html (+91ms) 
08:26:29   ├─ /explore/hot-springs/index.html (+29ms) 
08:26:29   ├─ /explore/map/index.html (+30ms) 
08:26:29   ├─ /explore/markets/index.html (+105ms) 
08:26:30   ├─ /explore/mornington-main-street-market/index.html (+5ms) 
08:26:30   ├─ /explore/mornington-peninsula-walk/index.html (+5ms) 
08:26:30   ├─ /explore/mount-eliza-farmers-market/index.html (+5ms) 
08:26:30   ├─ /explore/places/arthurs-seat/index.html (+120ms) 
08:26:30   ├─ /explore/places/balnarring/index.html (+119ms) 
08:26:30   ├─ /explore/places/bittern/index.html (+120ms) 
08:26:30   ├─ /explore/places/blairgowrie/index.html (+111ms) 
08:26:30   ├─ /explore/places/boneo/index.html (+115ms) 
08:26:30   ├─ /explore/places/cape-schanck/index.html (+195ms) 
08:26:30   ├─ /explore/places/capel-sound/index.html (+151ms) 
08:26:31   ├─ /explore/places/crib-point/index.html (+132ms) 
08:26:31   ├─ /explore/places/dromana/index.html (+111ms) 
08:26:31   ├─ /explore/places/fingal/index.html (+78ms) 
08:26:31   ├─ /explore/places/flinders/index.html (+101ms) 
08:26:31   ├─ /explore/places/hastings/index.html (+74ms) 
08:26:31   ├─ /explore/places/main-ridge/index.html (+96ms) 
08:26:31   ├─ /explore/places/mccrae/index.html (+96ms) 
08:26:31   ├─ /explore/places/merricks/index.html (+132ms) 
08:26:31   ├─ /explore/places/merricks-beach/index.html (+91ms) 
08:26:31   ├─ /explore/places/merricks-north/index.html (+86ms) 
08:26:32   ├─ /explore/places/moorooduc/index.html (+110ms) 
08:26:32   ├─ /explore/places/mornington/index.html (+110ms) 
08:26:32   ├─ /explore/places/mount-eliza/index.html (+97ms) 
08:26:32   ├─ /explore/places/mount-martha/index.html (+90ms) 
08:26:32   ├─ /explore/places/point-leo/index.html (+123ms) 
08:26:32   ├─ /explore/places/point-nepean/index.html (+117ms) 
08:26:32   ├─ /explore/places/portsea/index.html (+120ms) 
08:26:32   ├─ /explore/places/red-hill/index.html (+169ms) 
08:26:32   ├─ /explore/places/red-hill-south/index.html (+81ms) 
08:26:33   ├─ /explore/places/rosebud/index.html (+94ms) 
08:26:33   ├─ /explore/places/rye/index.html (+130ms) 
08:26:33   ├─ /explore/places/safety-beach/index.html (+92ms) 
08:26:33   ├─ /explore/places/shoreham/index.html (+99ms) 
08:26:33   ├─ /explore/places/somers/index.html (+76ms) 
08:26:33   ├─ /explore/places/sorrento/index.html (+128ms) 
08:26:33   ├─ /explore/places/st-andrews-beach/index.html (+83ms) 
08:26:33   ├─ /explore/places/stony-point/index.html (+70ms) 
08:26:33   ├─ /explore/places/tootgarook/index.html (+70ms) 
08:26:33   ├─ /explore/places/tuerong/index.html (+86ms) 
08:26:33   ├─ /explore/places/tyabb/index.html (+96ms) 
08:26:34   ├─ /explore/places/index.html (+72ms) 
08:26:34   ├─ /explore/plans/build/index.html (+9ms) 
08:26:34   ├─ /explore/plans/mornington-peninsula-itinerary/index.html (+63ms) 
08:26:34   ├─ /explore/plans/flinders-and-cape-reset/index.html (+73ms) 
08:26:34   ├─ /explore/plans/ridge-to-sea-two-night-escape/index.html (+73ms) 
08:26:34   ├─ /explore/plans/sorrento-off-season-weekend/index.html (+66ms) 
08:26:34   ├─ /explore/plans/the-family-day-out/index.html (+61ms) 
08:26:34   ├─ /explore/plans/the-peninsula-golf-weekend/index.html (+61ms) 
08:26:34   ├─ /explore/plans/wellness-weekend/index.html (+72ms) 
08:26:34   ├─ /explore/plans/corporate-events-how-to-plan-peninsula-retreat/index.html (+40ms) 
08:26:34   ├─ /explore/plans/how-to-build-a-red-hill-saturday/index.html (+43ms) 
08:26:34   ├─ /explore/plans/how-to-plan-a-peninsula-weekend/index.html (+37ms) 
08:26:34   ├─ /explore/plans/mornington-day-guide/index.html (+40ms) 
08:26:34   ├─ /explore/plans/mornington-peninsula-golf-stay-and-play/index.html (+45ms) 
08:26:34   ├─ /explore/plans/mornington-peninsula-stay-and-soak/index.html (+47ms) 
08:26:34   ├─ /explore/plans/the-birthday-weekend/index.html (+58ms) 
08:26:34   ├─ /explore/plans/the-couples-weekend/index.html (+45ms) 
08:26:34   ├─ /explore/plans/the-easter-peninsula/index.html (+49ms) 
08:26:35   ├─ /explore/plans/the-four-hour-peninsula/index.html (+49ms) 
08:26:35   ├─ /explore/plans/the-friday-night-arrival/index.html (+47ms) 
08:26:35   ├─ /explore/plans/the-market-saturday/index.html (+45ms) 
08:26:35   ├─ /explore/plans/the-one-booking-peninsula-day/index.html (+48ms) 
08:26:35   ├─ /explore/plans/the-one-night-escape/index.html (+53ms) 
08:26:35   ├─ /explore/plans/the-peninsula-orientation-drive/index.html (+47ms) 
08:26:35   ├─ /explore/plans/the-peninsula-picnic/index.html (+48ms) 
08:26:35   ├─ /explore/plans/the-point-nepean-half-day/index.html (+45ms) 
08:26:35   ├─ /explore/plans/the-producer-trail/index.html (+51ms) 
08:26:35   ├─ /explore/plans/the-pub-crawl/index.html (+50ms) 
08:26:35   ├─ /explore/plans/the-school-holidays-survival-guide/index.html (+44ms) 
08:26:35   ├─ /explore/plans/the-thermal-springs-weekend/index.html (+49ms) 
08:26:35   ├─ /explore/plans/walks-cape-schanck-hot-springs-day/index.html (+66ms) 
08:26:35   ├─ /explore/plans/weddings-mornington-peninsula-weekend-planning/index.html (+46ms) 
08:26:35   ├─ /explore/plans/index.html[v5 Card] title over 60 chars (73): "Mornington Peninsula Stay and Play Golf - Where to Stay Near..."
[v5 Card] title over 60 chars (71): "Mornington Peninsula Stay and Soak - Where to Stay Near the ..."
[v5 Card] title over 60 chars (90): "The Couples' Weekend: A Two-Night Peninsula Itinerary for Pe..."
[v5 Card] title over 60 chars (80): "The Easter Peninsula: How to Do the Long Weekend Without Los..."
[v5 Card] title over 60 chars (77): "The Four-Hour Peninsula: A Surgical Strike for When the Week..."
[v5 Card] title over 60 chars (92): "The Friday Night Arrival: How to Start a Peninsula Weekend W..."
[v5 Card] title over 60 chars (90): "The Market Saturday: Two Peninsula Weekends Built Around the..."
[v5 Card] title over 60 chars (68): "The Mornington Day: How to Treat the Gateway Town as the Des..."
[v5 Card] title over 60 chars (73): "The One-Night Peninsula Escape: How to Make 26 Hours Feel Li..."
[v5 Card] title over 60 chars (80): "The Peninsula Birthday Weekend: A Two-Night Plan That Actual..."
[v5 Card] title over 60 chars (76): "The Peninsula Golf Weekend: Two Nights, One Serious Round, R..."
[v5 Card] title over 60 chars (80): "The Peninsula Orientation Drive: Six Stops That Explain the ..."
[v5 Card] title over 60 chars (62): "The Peninsula Producer Trail: A Day Spent Closer to the Sour..."
[v5 Card] title over 60 chars (62): "The Peninsula Pub Crawl: Six Pubs, Three Routes, No Pretensi..."
[v5 Card] title over 60 chars (71): "The Point Nepean Half-Day: The Peninsula's Most Underused Na..."
[v5 Card] title over 60 chars (83): "The Thermal Springs Weekend: How to Do Wellness on the Penin..."
 (+328ms) 
08:26:36   ├─ /explore/rainy-day/index.html (+34ms) 
08:26:36   ├─ /explore/red-hill-market/index.html (+5ms) 
08:26:36   ├─ /explore/regions/mornington-bay-coast/index.html (+121ms) 
08:26:36   ├─ /explore/regions/ocean-coast/index.html (+173ms) 
08:26:36   ├─ /explore/regions/peninsula-tip/index.html (+133ms) 
08:26:36   ├─ /explore/regions/red-hill-wine-country/index.html (+164ms) 
08:26:36   ├─ /explore/regions/western-port/index.html (+78ms) 
08:26:36   ├─ /explore/regions/index.html (+32ms) 
08:26:36   ├─ /explore/rye-beachside-market/index.html (+4ms) 
08:26:36   ├─ /explore/spas-and-wellness/index.html (+47ms) 
08:26:36   ├─ /explore/things-to-do/index.html (+31ms) 
08:26:36   ├─ /explore/walks/index.html (+38ms) 
08:26:36   ├─ /explore/weekend-trips/index.html (+26ms) 
08:26:36   ├─ /explore/where-to-base-yourself/index.html (+4ms) 
08:26:36   ├─ /explore/arthurs-seat-lookout/index.html (+66ms) 
08:26:36   ├─ /explore/ashcombe-maze/index.html (+70ms) 
08:26:37   ├─ /explore/balnarring-beach/index.html (+72ms) 
08:26:37   ├─ /explore/bushrangers-bay-walk/index.html (+70ms) 
08:26:37   ├─ /explore/cape-schanck-boardwalk/index.html (+62ms) 
08:26:37   ├─ /explore/cape-schanck-lighthouse-walk/index.html (+72ms) 
08:26:37   ├─ /explore/coastal-walk-cape-schanck/index.html (+69ms) 
08:26:37   ├─ /explore/coppins-track/index.html (+63ms) 
08:26:37   ├─ /explore/dromana-beach/index.html (+71ms) 
08:26:37   ├─ /explore/eagle-ridge-golf-course/index.html (+65ms) 
08:26:37   ├─ /explore/farnsworth-track/index.html (+72ms) 
08:26:37   ├─ /explore/flinders-golf-club/index.html (+62ms) 
08:26:37   ├─ /explore/greens-bush-two-bays-section/index.html (+69ms) 
08:26:37   ├─ /explore/gunnamatta-ocean-beach/index.html (+63ms) 
08:26:37   ├─ /explore/montalto-sculpture-trail/index.html (+65ms) 
08:26:37   ├─ /explore/moonah-links/index.html (+63ms) 
08:26:37   ├─ /explore/mornington-foreshore-walk/index.html (+75ms) 
08:26:38   ├─ /explore/mornington-golf-club/index.html (+71ms) 
08:26:38   ├─ /explore/mornington-peninsula-gallery/index.html (+75ms) 
08:26:38   ├─ /explore/mount-martha-beach/index.html (+68ms) 
08:26:38   ├─ /explore/point-nepean-fort-walk/index.html (+68ms) 
08:26:38   ├─ /explore/point-nepean-national-park/index.html (+65ms) 
08:26:38   ├─ /explore/portsea-front-beach/index.html (+75ms) 
08:26:38   ├─ /explore/portsea-golf-club/index.html (+64ms) 
08:26:38   ├─ /explore/pt-leo-sculpture-park/index.html (+70ms) 
08:26:38   ├─ /explore/racv-cape-schanck-golf-course/index.html (+63ms) 
08:26:38   ├─ /explore/red-hill-hinterland-cycling/index.html (+67ms) 
08:26:38   ├─ /explore/red-hill-truffles/index.html (+65ms) 
08:26:38   ├─ /explore/rosebud-country-club/index.html (+70ms) 
08:26:38   ├─ /explore/rye-ocean-beach/index.html (+63ms) 
08:26:38   ├─ /explore/safety-beach-foreshore/index.html (+68ms) 
08:26:39   ├─ /explore/sea-search-encounters/index.html (+69ms) 
08:26:39   ├─ /explore/sorrento-back-beach/index.html (+69ms) 
08:26:39   ├─ /explore/sorrento-ferry/index.html (+66ms) 
08:26:39   ├─ /explore/sorrento-golf-club/index.html (+66ms) 
08:26:39   ├─ /explore/sorrento-ocean-baths/index.html (+64ms) 
08:26:39   ├─ /explore/st-andrews-beach-golf-course/index.html (+68ms) 
08:26:39   ├─ /explore/summit-circuit-arthurs-seat/index.html (+63ms) 
08:26:39   ├─ /explore/sunny-ridge-strawberry-farm/index.html (+68ms) 
08:26:39   ├─ /explore/the-dunes-golf-links/index.html (+66ms) 
08:26:39   ├─ /explore/the-national-golf-club/index.html (+68ms) 
08:26:39   ├─ /explore/two-bays-walking-track/index.html (+60ms) 
08:26:39   ├─ /explore/index.html[v5 Card] title over 60 chars (90): "The Market Saturday: Two Peninsula Weekends Built Around the..."
 (+103ms) 
08:26:39   ├─ /feed.xml (+59ms) 
08:26:39   ├─ /fish/index.html (+6ms) 
08:26:39   ├─ /fishing/charter/index.html (+5ms) 
08:26:39   ├─ /fishing/charters/first-charter-guide/index.html (+62ms) 
08:26:39   ├─ /fishing/charters/im-hooked-fishing-charters/index.html (+35ms) 
08:26:40   ├─ /fishing/charters/proline-charters/index.html (+29ms) 
08:26:40   ├─ /fishing/charters/reel-time-fishing-charters/index.html (+30ms) 
08:26:40   ├─ /fishing/charters/western-port-fishing-charters/index.html (+34ms) 
08:26:40   ├─ /fishing/charters/index.html (+46ms) 
08:26:40   ├─ /fishing/locations/sorrento-pier/index.html (+7ms) 
08:26:40   ├─ /fishing/locations/cowes-jetty/index.html (+34ms) 
08:26:40   ├─ /fishing/locations/flinders-pier/index.html (+26ms) 
08:26:40   ├─ /fishing/locations/gunnamatta-beach/index.html (+30ms) 
08:26:40   ├─ /fishing/locations/hastings-jetty/index.html (+37ms) 
08:26:40   ├─ /fishing/locations/mornington-pier/index.html (+25ms) 
08:26:40   ├─ /fishing/locations/point-leo-beach/index.html (+25ms) 
08:26:40   ├─ /fishing/locations/portsea-pier/index.html (+28ms) 
08:26:40   ├─ /fishing/locations/rye-pier/index.html (+27ms) 
08:26:40   ├─ /fishing/locations/safety-beach-foreshore/index.html (+25ms) 
08:26:40   ├─ /fishing/locations/san-remo-jetty/index.html (+26ms) 
08:26:40   ├─ /fishing/locations/stony-point-pier/index.html (+27ms) 
08:26:40   ├─ /fishing/locations/tooradin-inlet/index.html (+27ms) 
08:26:40   ├─ /fishing/locations/index.html (+54ms) 
08:26:40   ├─ /fishing/seasons/snapper-run-oct-dec/index.html (+50ms) 
08:26:40   ├─ /fishing/seasons/index.html (+12ms) 
08:26:40   ├─ /fishing/species/australian-salmon/index.html (+30ms) 
08:26:40   ├─ /fishing/species/bream/index.html (+28ms) 
08:26:40   ├─ /fishing/species/flathead/index.html (+24ms) 
08:26:40   ├─ /fishing/species/garfish/index.html (+24ms) 
08:26:40   ├─ /fishing/species/gummy-shark/index.html (+23ms) 
08:26:40   ├─ /fishing/species/king-george-whiting/index.html (+28ms) 
08:26:40   ├─ /fishing/species/mulloway/index.html (+30ms) 
08:26:40   ├─ /fishing/species/pinkies/index.html (+26ms) 
08:26:40   ├─ /fishing/species/silver-trevally/index.html (+26ms) 
08:26:40   ├─ /fishing/species/snapper/index.html (+24ms) 
08:26:40   ├─ /fishing/species/squid/index.html (+24ms) 
08:26:40   ├─ /fishing/species/yellowtail-kingfish/index.html (+25ms) 
08:26:40   ├─ /fishing/species/index.html (+41ms) 
08:26:40   ├─ /fishing/index.html (+48ms) 
08:26:41   ├─ /golf/index.html (+5ms) 
08:26:41   ├─ /guides/autumn/index.html (+23ms) 
08:26:41   ├─ /guides/easter-long-weekend/index.html (+36ms) 
08:26:41   ├─ /guides/spring/index.html (+27ms) 
08:26:41   ├─ /guides/summer/index.html (+23ms) 
08:26:41   ├─ /guides/winter/index.html (+23ms) 
08:26:41   ├─ /guides/index.html (+44ms) 
08:26:41   ├─ /insiders-30/map/index.html (+26ms) 
08:26:41   ├─ /insiders-30/2026/index.html (+41ms) 
08:26:41   ├─ /insiders-30/index.html (+55ms) 
08:26:41   ├─ /itinerary/index.html (+84ms) 
08:26:41   ├─ /journal/best-brunch-mornington-peninsula/index.html (+36ms) 
08:26:41   ├─ /journal/best-fishing-spots-mornington-peninsula/index.html (+4ms) 
08:26:41   ├─ /journal/best-golf-courses-mornington-peninsula/index.html (+4ms) 
08:26:41   ├─ /journal/best-spas-mornington-peninsula/index.html (+4ms) 
08:26:41   ├─ /journal/best-towns-to-base-yourself-with-a-dog-mornington-peninsula/index.html (+7ms) 
08:26:41   ├─ /journal/cellar-door/index.html (+42ms) 
08:26:41   ├─ /journal/dog-friendly-mornington-peninsula/index.html (+26ms) 
08:26:41   ├─ /journal/free-things-to-do-mornington-peninsula/index.html (+31ms) 
08:26:41   ├─ /journal/king-george-whiting-port-phillip-bay/index.html (+4ms) 
08:26:41   ├─ /journal/local-secrets/index.htmlThe collection "localSecrets" does not exist or is empty. Please check your content config file for errors.
 (+35ms) 
08:26:41   ├─ /journal/mornington-peninsula-beach-guide/index.html (+5ms) 
08:26:41   ├─ /journal/mornington-peninsula-boat-hire/index.html (+5ms) 
08:26:41   ├─ /journal/mornington-peninsula-boat-ramps/index.html (+4ms) 
08:26:41   ├─ /journal/mornington-peninsula-day-trip/index.html (+27ms) 
08:26:41   ├─ /journal/mornington-peninsula-fishing-charters/index.html (+4ms) 
08:26:41   ├─ /journal/mornington-peninsula-golf-guide/index.html (+4ms) 
08:26:41   ├─ /journal/mornington-peninsula-hot-springs-guide/index.html (+4ms) 
08:26:41   ├─ /journal/mornington-peninsula-in-autumn/index.html (+27ms) 
08:26:41   ├─ /journal/mornington-peninsula-in-winter/index.html (+34ms) 
08:26:41   ├─ /journal/mornington-peninsula-itinerary/index.html (+28ms) 
08:26:41   ├─ /journal/mornington-peninsula-wedding-venues/index.html (+25ms) 
08:26:41   ├─ /journal/mornington-peninsula-winery-tour/index.html (+6ms) 
08:26:41   ├─ /journal/mornington-peninsula-with-kids/index.html (+29ms) 
08:26:41   ├─ /journal/peninsula-glossary/index.html (+30ms) 
08:26:41   ├─ /journal/rainy-day-mornington-peninsula/index.html (+5ms) 
08:26:41   ├─ /journal/snapper-mornington-peninsula/index.html (+3ms) 
08:26:41   ├─ /journal/snapper-season-port-phillip-bay/index.html (+3ms) 
08:26:41   ├─ /journal/squid-fishing-mornington-peninsula/index.html (+3ms) 
08:26:41   ├─ /journal/the-dog-friendly-peninsula/index.html (+3ms) 
08:26:41   ├─ /journal/the-family-day-out/index.html (+4ms) 
08:26:41   ├─ /journal/the-peninsula-beach-swimming-guide/index.html (+3ms) 
08:26:41   ├─ /journal/the-peninsula-with-kids/index.html (+3ms) 
08:26:41   ├─ /journal/the-rainy-day-peninsula-without-a-booking/index.html (+3ms) 
08:26:41   ├─ /journal/things-to-do-mornington-peninsula/index.html (+4ms) 
08:26:41   ├─ /journal/what-to-do-on-the-peninsula-with-a-dog-when-its-wet-or-busy/index.html (+8ms) 
08:26:41   ├─ /journal/where-to-eat-mornington-peninsula/index.html (+4ms) 
08:26:41   ├─ /journal/where-to-stay-mornington-peninsula/index.html (+4ms) 
08:26:41   ├─ /journal/a-flinders-weekend/index.html (+77ms) 
08:26:41   ├─ /journal/a-winter-peninsula-weekend/index.html (+84ms) 
08:26:42   ├─ /journal/area-guide-dromana/index.html (+89ms) 
08:26:42   ├─ /journal/area-guide-flinders/index.html (+96ms) 
08:26:42   ├─ /journal/area-guide-main-ridge/index.html (+96ms) 
08:26:42   ├─ /journal/area-guide-merricks/index.html (+81ms) 
08:26:42   ├─ /journal/area-guide-portsea/index.html (+94ms) 
08:26:42   ├─ /journal/area-guide-red-hill/index.html (+94ms) 
08:26:42   ├─ /journal/arthurs-seat-eagle-visitor-guide/index.html (+99ms) 
08:26:42   ├─ /journal/ashcombe-maze-visitor-guide/index.html (+92ms) 
08:26:42   ├─ /journal/autumn-weekend-edit/index.html (+91ms) 
08:26:42   ├─ /journal/boat-moorings-berths-mornington-peninsula/index.html (+80ms) 
08:26:42   ├─ /journal/breakfast-before-the-crowds/index.html (+80ms) 
08:26:43   ├─ /journal/cape-schanck-guide/index.html (+93ms) 
08:26:43   ├─ /journal/corporate-events-how-to-plan-peninsula-retreat/index.html (+52ms) 
08:26:43   ├─ /journal/corporate-events-red-hill-vs-sorrento/index.html (+102ms) 
08:26:43   ├─ /journal/dog-daycare-boarding-groomers-pet-shops-mornington-peninsula/index.html (+92ms) 
08:26:43   ├─ /journal/dog-friendly-accommodation-mornington-peninsula/index.html (+92ms) 
08:26:43   ├─ /journal/dog-friendly-beaches-mornington-peninsula/index.html (+91ms) 
08:26:43   ├─ /journal/dog-friendly-cafes-pubs-wineries-mornington-peninsula/index.html (+90ms) 
08:26:43   ├─ /journal/dog-friendly-wineries-mornington-peninsula/index.html (+86ms) 
08:26:43   ├─ /journal/emergency-vet-pet-help-mornington-peninsula/index.html (+92ms) 
08:26:43   ├─ /journal/first-time-peninsula/index.html (+110ms) 
08:26:43   ├─ /journal/hatted-restaurants-mornington-peninsula-2025/index.html (+92ms) 
08:26:44   ├─ /journal/how-to-build-a-red-hill-saturday/index.html (+46ms) 
08:26:44   ├─ /journal/how-to-plan-a-peninsula-weekend/index.html (+48ms) 
08:26:44   ├─ /journal/indoor-play-mornington-peninsula/index.html (+87ms) 
08:26:44   ├─ /journal/insider-picks-2026-07-05/index.html (+93ms) 
08:26:44   ├─ /journal/insider-picks-2026-07-24/index.html (+82ms) 
08:26:44   ├─ /journal/insider-picks-2026-07-25/index.html (+83ms) 
08:26:44   ├─ /journal/insider-picks-2026-07-27/index.html (+110ms) 
08:26:44   ├─ /journal/insider-picks-2026-07-28/index.html (+84ms) 
08:26:44   ├─ /journal/insider-picks-2026-07-29/index.html (+87ms) 
08:26:44   ├─ /journal/insider-picks-2026-07-30/index.html (+81ms) 
08:26:44   ├─ /journal/insider-picks-2026-07-31/index.html (+98ms) 
08:26:44   ├─ /journal/insider-picks-2026-08-01/index.html (+89ms) 
08:26:45   ├─ /journal/insider-picks-2026-08-02/index.html (+85ms) 
08:26:45   ├─ /journal/insider-picks-2026-08-06/index.html (+98ms) 
08:26:45   ├─ /journal/insider-picks-2026-08-09/index.html (+85ms) 
08:26:45   ├─ /journal/insider-picks-2026-08-10/index.html (+126ms) 
08:26:45   ├─ /journal/insider-picks-2026-08-12/index.html (+90ms) 
08:26:45   ├─ /journal/insider-picks-2026-08-17/index.html (+97ms) 
08:26:45   ├─ /journal/luxury-hotels-mornington-peninsula/index.html (+99ms) 
08:26:45   ├─ /journal/mornington-day-guide/index.html (+47ms) 
08:26:45   ├─ /journal/mornington-peninsula-golf-stay-and-play/index.html (+51ms) 
08:26:45   ├─ /journal/mornington-peninsula-stay-and-soak/index.html (+48ms) 
08:26:45   ├─ /journal/mornington-peninsula-winery-guide/index.html (+166ms) 
08:26:46   ├─ /journal/peninsula-hot-springs-vs-alba/index.html (+108ms) 
08:26:46   ├─ /journal/peninsula-notes-june-2026/index.html (+161ms) 
08:26:46   ├─ /journal/peninsula-this-weekend-april-24/index.html (+75ms) 
08:26:46   ├─ /journal/peninsula-this-weekend-april-26/index.html (+63ms) 
08:26:46   ├─ /journal/peninsula-this-weekend-jul-04/index.html (+63ms) 
08:26:46   ├─ /journal/peninsula-this-weekend-jul-11/index.html (+73ms) 
08:26:46   ├─ /journal/peninsula-this-weekend-jul-18/index.html (+83ms) 
08:26:46   ├─ /journal/peninsula-this-weekend-jun-06/index.html (+81ms) 
08:26:46   ├─ /journal/peninsula-this-weekend-jun-13/index.html (+78ms) 
08:26:46   ├─ /journal/peninsula-this-weekend-jun-20/index.html (+71ms) 
08:26:46   ├─ /journal/peninsula-this-weekend-jun-27/index.html (+54ms) 
08:26:46   ├─ /journal/peninsula-this-weekend-may-03/index.html (+62ms) 
08:26:46   ├─ /journal/peninsula-this-weekend-may-16/index.html (+68ms) 
08:26:47   ├─ /journal/peninsula-this-weekend-may-23/index.html (+120ms) 
08:26:47   ├─ /journal/peninsula-this-weekend-may-30/index.html (+67ms) 
08:26:47   ├─ /journal/point-nepean-national-park-guide/index.html (+162ms) 
08:26:47   ├─ /journal/quealy-winemakers-balnarring/index.html (+90ms) 
08:26:47   ├─ /journal/rainy-day-peninsula/index.html (+90ms) 
08:26:47   ├─ /journal/sorrento-solstice-festival-2026-guide/index.html (+131ms) 
08:26:47   ├─ /journal/st-andrews-beach-golf-course/index.html (+79ms) 
08:26:47   ├─ /journal/the-birthday-weekend/index.html (+41ms) 
08:26:47   ├─ /journal/the-cellar-door-short-list/index.html (+105ms) 
08:26:47   ├─ /journal/the-chardonnay-case/index.html (+151ms) 
08:26:48   ├─ /journal/the-couples-weekend/index.html (+97ms) 
08:26:48   ├─ /journal/the-easter-peninsula/index.html (+65ms) 
08:26:48   ├─ /journal/the-four-hour-peninsula/index.html (+45ms) 
08:26:48   ├─ /journal/the-friday-night-arrival/index.html (+51ms) 
08:26:48   ├─ /journal/the-long-lunch/index.html (+98ms) 
08:26:48   ├─ /journal/the-market-saturday/index.html (+54ms) 
08:26:48   ├─ /journal/the-one-booking-peninsula-day/index.html (+46ms) 
08:26:48   ├─ /journal/the-one-night-escape/index.html (+51ms) 
08:26:48   ├─ /journal/the-peninsula-orientation-drive/index.html (+51ms) 
08:26:48   ├─ /journal/the-peninsula-pantry/index.html (+105ms) 
08:26:48   ├─ /journal/the-peninsula-picnic/index.html (+44ms) 
08:26:48   ├─ /journal/the-peninsulas-best-late-afternoon-walks/index.html (+101ms) 
08:26:48   ├─ /journal/the-point-nepean-half-day/index.html (+51ms) 
08:26:48   ├─ /journal/the-producer-trail/index.html (+43ms) 
08:26:49   ├─ /journal/the-pub-crawl/index.html (+47ms) 
08:26:49   ├─ /journal/the-pub-guide/index.html (+88ms) 
08:26:49   ├─ /journal/the-school-holidays-survival-guide/index.html (+55ms) 
08:26:49   ├─ /journal/the-seafood-list/index.html (+133ms) 
08:26:49   ├─ /journal/the-sorrento-weekend/index.html (+87ms) 
08:26:49   ├─ /journal/the-spring-peninsula/index.html (+86ms) 
08:26:49   ├─ /journal/the-sunset-drink/index.html (+88ms) 
08:26:49   ├─ /journal/the-sunset-hour/index.html (+83ms) 
08:26:49   ├─ /journal/the-thermal-springs-weekend/index.html (+47ms) 
08:26:49   ├─ /journal/the-vineyard-villa-weekend/index.html (+89ms) 
08:26:49   ├─ /journal/the-winter-long-lunch/index.html (+93ms) 
08:26:49   ├─ /journal/three-italian-dinners/index.html (+82ms) 
08:26:49   ├─ /journal/two-bays-walk-mornington-peninsula/index.html (+94ms) 
08:26:50   ├─ /journal/walks-bushrangers-bay-walk-guide/index.html (+102ms) 
08:26:50   ├─ /journal/walks-cape-schanck-hot-springs-day/index.html (+48ms) 
08:26:50   ├─ /journal/waterfront-restaurants-mornington-peninsula/index.html (+94ms) 
08:26:50   ├─ /journal/weddings-mornington-peninsula-weekend-planning/index.html (+46ms) 
08:26:50   ├─ /journal/weddings-where-guests-stay-mornington-peninsula/index.html (+115ms) 
08:26:50   ├─ /journal/where-to-eat-without-a-booking/index.html (+98ms) 
08:26:50   ├─ /journal/where-to-stay-for-a-two-night-escape/index.html (+103ms) 
08:26:50   ├─ /journal/where-to-walk-the-dog-mornington-peninsula/index.html (+87ms) 
08:26:50   ├─ /journal/why-winter-works-on-the-peninsula/index.html (+94ms) 
08:26:50   ├─ /journal/winter-indoors-mprg-rainy-day-circuit/index.html (+88ms) 
08:26:50   ├─ /journal/index.html (+242ms) 
08:26:51   ├─ /map/index.html (+59ms) 
08:26:51   ├─ /me/saved/index.html (+13ms) 
08:26:51   ├─ /me/trip/index.html (+54ms) 
08:26:51   ├─ /me/index.html (+4ms) 
08:26:51   ├─ /methodology/index.html (+4ms) 
08:26:51   ├─ /newsletter/index.html (+4ms) 
08:26:51   ├─ /our-approach/index.html (+4ms) 
08:26:51   ├─ /partner-with-us/index.html (+3ms) 
08:26:51   ├─ /partners/advertising-kit/index.html (+8ms) 
08:26:51   ├─ /partners/apply/index.html (+32ms) 
08:26:51   ├─ /partners/claim/index.html (+45ms) 
08:26:51   ├─ /partners/dashboard/index.html (+47ms) 
08:26:51   ├─ /partners/founders-prospectus/index.html (+6ms) 
08:26:51   ├─ /partners/update/index.html (+48ms) 
08:26:51   ├─ /partners/index.html (+31ms) 
08:26:51   ├─ /pass/index.html (+32ms) 
08:26:51   ├─ /pi-admin/daily/2026-08-15/index.html (+9ms) 
08:26:51   ├─ /pi-admin/daily/2026-08-20/index.html (+9ms) 
08:26:51   ├─ /pi-admin/daily/2026-08-22/index.html (+8ms) 
08:26:51   ├─ /pi-admin/daily/2026-08-23/index.html (+7ms) 
08:26:51   ├─ /pi-admin/daily/2026-08-24/index.html (+7ms) 
08:26:51   ├─ /pi-admin/precision-sprint/index.html (+9ms) 
08:26:51   ├─ /picks/index.html (+31ms) 
08:26:51   ├─ /places/arthurs-seat/index.html (+3ms) 
08:26:51   ├─ /places/balnarring/index.html (+2ms) 
08:26:51   ├─ /places/bittern/index.html (+2ms) 
08:26:51   ├─ /places/blairgowrie/index.html (+2ms) 
08:26:51   ├─ /places/boneo/index.html (+1ms) 
08:26:51   ├─ /places/cape-schanck/index.html (+1ms) 
08:26:51   ├─ /places/capel-sound/index.html (+1ms) 
08:26:51   ├─ /places/crib-point/index.html (+2ms) 
08:26:51   ├─ /places/dromana/index.html (+4ms) 
08:26:51   ├─ /places/fingal/index.html (+1ms) 
08:26:51   ├─ /places/flinders/index.html (+1ms) 
08:26:51   ├─ /places/hastings/index.html (+2ms) 
08:26:51   ├─ /places/main-ridge/index.html (+1ms) 
08:26:51   ├─ /places/mccrae/index.html (+1ms) 
08:26:51   ├─ /places/merricks/index.html (+1ms) 
08:26:51   ├─ /places/merricks-beach/index.html (+2ms) 
08:26:51   ├─ /places/merricks-north/index.html (+1ms) 
08:26:51   ├─ /places/moorooduc/index.html (+1ms) 
08:26:51   ├─ /places/mornington/index.html (+2ms) 
08:26:51   ├─ /places/mount-eliza/index.html (+1ms) 
08:26:51   ├─ /places/mount-martha/index.html (+1ms) 
08:26:51   ├─ /places/point-leo/index.html (+1ms) 
08:26:51   ├─ /places/point-nepean/index.html (+3ms) 
08:26:51   ├─ /places/portsea/index.html (+2ms) 
08:26:51   ├─ /places/red-hill/index.html (+1ms) 
08:26:51   ├─ /places/red-hill-south/index.html (+2ms) 
08:26:51   ├─ /places/rosebud/index.html (+1ms) 
08:26:51   ├─ /places/rye/index.html (+1ms) 
08:26:51   ├─ /places/safety-beach/index.html (+1ms) 
08:26:51   ├─ /places/shoreham/index.html (+2ms) 
08:26:51   ├─ /places/somers/index.html (+2ms) 
08:26:51   ├─ /places/sorrento/index.html (+2ms) 
08:26:51   ├─ /places/st-andrews-beach/index.html (+1ms) 
08:26:51   ├─ /places/stony-point/index.html (+1ms) 
08:26:51   ├─ /places/tootgarook/index.html (+1ms) 
08:26:51   ├─ /places/tuerong/index.html (+1ms) 
08:26:51   ├─ /places/tyabb/index.html (+1ms) 
08:26:51   ├─ /places/index.html (+4ms) 
08:26:51   ├─ /plan/index.html (+11ms) 
08:26:51   ├─ /plans/build/index.html (+4ms) 
08:26:51   ├─ /plans/mornington-peninsula-itinerary/index.html (+14ms) 
08:26:51   ├─ /plans/flinders-and-cape-reset/index.html (+2ms) 
08:26:51   ├─ /plans/ridge-to-sea-two-night-escape/index.html (+1ms) 
08:26:51   ├─ /plans/sorrento-off-season-weekend/index.html (+2ms) 
08:26:51   ├─ /plans/the-family-day-out/index.html (+1ms) 
08:26:51   ├─ /plans/the-peninsula-golf-weekend/index.html (+1ms) 
08:26:51   ├─ /plans/wellness-weekend/index.html (+1ms) 
08:26:51   ├─ /plans/corporate-events-how-to-plan-peninsula-retreat/index.html (+1ms) 
08:26:51   ├─ /plans/how-to-build-a-red-hill-saturday/index.html (+1ms) 
08:26:51   ├─ /plans/how-to-plan-a-peninsula-weekend/index.html (+1ms) 
08:26:51   ├─ /plans/mornington-day-guide/index.html (+1ms) 
08:26:51   ├─ /plans/mornington-peninsula-golf-stay-and-play/index.html (+1ms) 
08:26:51   ├─ /plans/mornington-peninsula-stay-and-soak/index.html (+1ms) 
08:26:51   ├─ /plans/the-birthday-weekend/index.html (+1ms) 
08:26:51   ├─ /plans/the-couples-weekend/index.html (+1ms) 
08:26:51   ├─ /plans/the-easter-peninsula/index.html (+1ms) 
08:26:51   ├─ /plans/the-four-hour-peninsula/index.html (+1ms) 
08:26:51   ├─ /plans/the-friday-night-arrival/index.html (+1ms) 
08:26:51   ├─ /plans/the-market-saturday/index.html (+2ms) 
08:26:51   ├─ /plans/the-one-booking-peninsula-day/index.html (+1ms) 
08:26:51   ├─ /plans/the-one-night-escape/index.html (+1ms) 
08:26:51   ├─ /plans/the-peninsula-orientation-drive/index.html (+1ms) 
08:26:51   ├─ /plans/the-peninsula-picnic/index.html (+1ms) 
08:26:51   ├─ /plans/the-point-nepean-half-day/index.html (+1ms) 
08:26:51   ├─ /plans/the-producer-trail/index.html (+1ms) 
08:26:51   ├─ /plans/the-pub-crawl/index.html (+1ms) 
08:26:51   ├─ /plans/the-school-holidays-survival-guide/index.html (+1ms) 
08:26:51   ├─ /plans/the-thermal-springs-weekend/index.html (+2ms) 
08:26:51   ├─ /plans/walks-cape-schanck-hot-springs-day/index.html (+1ms) 
08:26:51   ├─ /plans/weddings-mornington-peninsula-weekend-planning/index.html (+1ms) 
08:26:51   ├─ /plans/index.html (+4ms) 
08:26:51   ├─ /privacy/index.html (+7ms) 
08:26:51   ├─ /quick-note/index.html (+13ms) 
08:26:51   ├─ /saved/index.html (+301ms) 
08:26:52   ├─ /search/index.html (+17ms) 
08:26:52   ├─ /site-index/index.html (+100ms) 
08:26:52   ├─ /sitemap.xml (+174ms) 
08:26:52   ├─ /spa/index.html (+5ms) 
08:26:52   ├─ /stay/best-accommodation/index.html (+75ms) 
08:26:52   ├─ /stay/boutique-hotels/index.html (+58ms) 
08:26:52   ├─ /stay/cape-schanck/index.html (+58ms) 
08:26:52   ├─ /stay/coastal-stays/index.html (+51ms) 
08:26:52   ├─ /stay/cottages/index.html (+54ms) 
08:26:52   ├─ /stay/couples/index.html (+5ms) 
08:26:52   ├─ /stay/couples-retreats/index.html (+51ms) 
08:26:52   ├─ /stay/dog-friendly/index.html (+4ms) 
08:26:52   ├─ /stay/endota-spa-mornington/index.html (+4ms) 
08:26:52   ├─ /stay/endota-spa-sorrento/index.html (+4ms) 
08:26:52   ├─ /stay/flinders/index.html (+49ms) 
08:26:52   ├─ /stay/glamping/index.html (+51ms) 
08:26:52   ├─ /stay/hot-springs-accommodation/index.html (+61ms) 
08:26:52   ├─ /stay/luxury/index.html (+52ms) 
08:26:53   ├─ /stay/mornington/index.html (+5ms) 
08:26:53   ├─ /stay/port-phillip-estate/index.html (+3ms) 
08:26:53   ├─ /stay/red-hill/index.html (+72ms) 
08:26:53   ├─ /stay/resorts/index.html (+71ms) 
08:26:53   ├─ /stay/sorrento/index.html (+66ms) 
08:26:53   ├─ /stay/villas/index.html (+53ms) 
08:26:53   ├─ /stay/vineyard-stays/index.html (+61ms) 
08:26:53   ├─ /stay/wellness-retreats/index.html (+62ms) 
08:26:53   ├─ /stay/where-to-stay-mornington-peninsula/index.html (+5ms) 
08:26:53   ├─ /stay/winery-accommodation/index.html (+59ms) 
08:26:53   ├─ /stay/alba-thermal-springs/index.html (+92ms) 
08:26:53   ├─ /stay/arthurs-views/index.html (+75ms) 
08:26:53   ├─ /stay/birch-creek/index.html (+81ms) 
08:26:53   ├─ /stay/blue-moon-cottages/index.html (+75ms) 
08:26:53   ├─ /stay/brewers-cottage/index.html (+73ms) 
08:26:53   ├─ /stay/cape-retreat/index.html (+79ms) 
08:26:53   ├─ /stay/cassis/index.html (+75ms) 
08:26:54   ├─ /stay/crittenden-villas/index.html (+94ms) 
08:26:54   ├─ /stay/driftaway-on-dundas/index.html (+82ms) 
08:26:54   ├─ /stay/flinders-hotel/index.html (+102ms) 
08:26:54   ├─ /stay/happy-glamper/index.html (+74ms) 
08:26:54   ├─ /stay/hideaways-red-hill/index.html (+79ms) 
08:26:54   ├─ /stay/hotel-sorrento/index.html (+79ms) 
08:26:54   ├─ /stay/iluka-retreat/index.html (+76ms) 
08:26:54   ├─ /stay/jackalope/index.html (+98ms) 
08:26:54   ├─ /stay/kanasta-retro-caravans/index.html (+78ms) 
08:26:54   ├─ /stay/lindenderry/index.html (+78ms) 
08:26:54   ├─ /stay/mantons-creek-estate/index.html (+78ms) 
08:26:54   ├─ /stay/mp-beach-club-cottages/index.html (+82ms) 
08:26:55   ├─ /stay/one-spa-racv-cape-schanck/index.html (+98ms) 
08:26:55   ├─ /stay/peninsula-hot-springs/index.html (+106ms) 
08:26:55   ├─ /stay/peninsula-hot-springs-eco-lodges/index.html (+83ms) 
08:26:55   ├─ /stay/peninsula-hot-springs-glamping/index.html (+124ms) 
08:26:55   ├─ /stay/plantation-house-whitecliffs/index.html (+80ms) 
08:26:55   ├─ /stay/point-leo-estate-villas/index.html (+90ms) 
08:26:55   ├─ /stay/point-nepean-discovery-tents/index.html (+77ms) 
08:26:55   ├─ /stay/polperro-villas/index.html (+80ms) 
08:26:55   ├─ /stay/sanctuary-at-alba/index.html (+89ms) 
08:26:55   ├─ /stay/spa-by-jackalope/index.html (+102ms) 
08:26:55   ├─ /stay/the-continental-sorrento/index.html (+76ms) 
08:26:56   ├─ /stay/the-orchard-red-hill/index.html (+77ms) 
08:26:56   ├─ /stay/treetops-red-hill/index.html (+104ms) 
08:26:56   ├─ /stay/villa-mallorca/index.html (+96ms) 
08:26:56   ├─ /stay/woodman-estate/index.html (+78ms) 
08:26:56   ├─ /stay/yurt-hideaway/index.html (+95ms) 
08:26:56   ├─ /stay/index.html[v5 Card] title over 60 chars (73): "The One-Night Peninsula Escape: How to Make 26 Hours Feel Li..."
[v5 Card] verdict over 25 words for "the-one-night-escape"
[v5 Card] verdict over 25 words for "the-vineyard-villa-weekend"
 (+68ms) 
08:26:56   ├─ /submit/index.html (+57ms) 
08:26:56   ├─ /terms/index.html (+12ms) 
08:26:56   ├─ /tour/fishing-tours/index.html (+45ms) 
08:26:56   ├─ /tour/for-couples/index.html (+109ms) 
08:26:56   ├─ /tour/for-families/index.html (+77ms) 
08:26:56   ├─ /tour/full-day-tours/index.html (+102ms) 
08:26:56   ├─ /tour/hot-springs-tours/index.html (+37ms) 
08:26:56   ├─ /tour/operators/amour-of-the-grape/index.html (+41ms) 
08:26:57   ├─ /tour/operators/arthurs-seat-eagle/index.html (+35ms) 
08:26:57   ├─ /tour/operators/australian-journeys/index.html (+46ms) 
08:26:57   ├─ /tour/operators/autopia-tours/index.html (+40ms) 
08:26:57   ├─ /tour/operators/bayplay/index.html (+40ms) 
08:26:57   ├─ /tour/operators/bunyip-tours/index.html (+39ms) 
08:26:57   ├─ /tour/operators/global-ballooning/index.html (+41ms) 
08:26:57   ├─ /tour/operators/great-private-tours/index.html (+39ms) 
08:26:57   ├─ /tour/operators/local-way-tours/index.html (+37ms) 
08:26:57   ├─ /tour/operators/localing-tours/index.html (+47ms) 
08:26:57   ├─ /tour/operators/melbourne-elite-tours/index.html (+37ms) 
08:26:57   ├─ /tour/operators/moonlit-sanctuary/index.html (+52ms) 
08:26:57   ├─ /tour/operators/moonraker-charters/index.html (+48ms) 
08:26:57   ├─ /tour/operators/mornington-peninsula-plunge/index.html (+40ms) 
08:26:57   ├─ /tour/operators/polperro-dolphin-swims/index.html (+42ms) 
08:26:57   ├─ /tour/operators/ricks-wine-tours/index.html (+40ms) 
08:26:57   ├─ /tour/operators/searoad-ferries/index.html (+41ms) 
08:26:57   ├─ /tour/operators/temptation-sailing/index.html (+40ms) 
08:26:57   ├─ /tour/operators/wine-hop-coastal-tours/index.html (+38ms) 
08:26:57   ├─ /tour/operators/index.html (+50ms) 
08:26:57   ├─ /tour/private-tours/index.html (+33ms) 
08:26:57   ├─ /tour/small-group-tours/index.html (+42ms) 
08:26:57   ├─ /tour/wine-tours/index.html (+33ms) 
08:26:57   ├─ /tour/amour-of-the-grape-boutique-wine-tour/index.html (+30ms) 
08:26:57   ├─ /tour/arthurs-seat-eagle-gondola/index.html (+23ms) 
08:26:57   ├─ /tour/australian-journeys-luxury-peninsula-day/index.html (+23ms) 
08:26:58   ├─ /tour/autopia-mornington-peninsula-day-tour/index.html (+24ms) 
08:26:58   ├─ /tour/bayplay-sea-dragon-snorkel-tour/index.html (+27ms) 
08:26:58   ├─ /tour/bunyip-hot-springs-day-tour/index.html (+24ms) 
08:26:58   ├─ /tour/bunyip-mornington-peninsula-wine-tour/index.html (+29ms) 
08:26:58   ├─ /tour/global-ballooning-peninsula-sunrise/index.html (+32ms) 
08:26:58   ├─ /tour/great-private-corporate-charter/index.html (+28ms) 
08:26:58   ├─ /tour/local-way-wine-cheese-tour/index.html (+26ms) 
08:26:58   ├─ /tour/localing-private-wine-day/index.html (+25ms) 
08:26:58   ├─ /tour/melbourne-elite-private-hens-day/index.html (+26ms) 
08:26:58   ├─ /tour/moonlit-sanctuary-twilight-tour/index.html (+27ms) 
08:26:58   ├─ /tour/moonraker-whale-watching-tour/index.html (+23ms) 
08:26:58   ├─ /tour/plunge-hot-springs-wine-tour/index.html (+24ms) 
08:26:58   ├─ /tour/polperro-dolphin-swim/index.html (+24ms) 
08:26:58   ├─ /tour/ricks-mornington-peninsula-wine-tour/index.html (+29ms) 
08:26:58   ├─ /tour/searoad-sorrento-queenscliff-crossing/index.html (+25ms) 
08:26:58   ├─ /tour/temptation-sailing-bay-cruise/index.html (+25ms) 
08:26:58   ├─ /tour/wine-hop-coastal-tour/index.html (+24ms) 
08:26:58   ├─ /tour/index.html (+65ms) 
08:26:58   ├─ /tour-packages/adventure-weekend/index.html (+45ms) 
08:26:58   ├─ /tour-packages/anniversary-long-weekend/index.html (+39ms) 
08:26:58   ├─ /tour-packages/coastal-adventure-weekend/index.html (+28ms) 
08:26:58   ├─ /tour-packages/long-weekend/index.html (+29ms) 
08:26:58   ├─ /tour-packages/private-wine-charter-weekend/index.html (+46ms) 
08:26:58   ├─ /tour-packages/team-charter-weekend/index.html (+43ms) 
08:26:58   ├─ /tour-packages/thermal-springs-wine-weekend/index.html (+35ms) 
08:26:58   ├─ /tour-packages/wine-discovery-weekend/index.html (+41ms) 
08:26:58   ├─ /tour-packages/index.html (+48ms) 
08:26:58   ├─ /walks/easy-walks-mornington-peninsula/index.html (+58ms) 
08:26:58   ├─ /walks/index.html (+4ms) 
08:26:58   ├─ /weddings/winery-wedding-venues-mornington-peninsula/index.html (+44ms) 
08:26:58   ├─ /weddings/index.html (+77ms) 
08:26:59   ├─ /whats-on/by-mood/this-weekend/index.html (+335ms) 
08:26:59   ├─ /whats-on/by-mood/when-it-rains/index.html (+143ms) 
08:26:59   ├─ /whats-on/by-mood/worth-the-drive/index.html (+159ms) 
08:26:59   ├─ /whats-on/by-mood/after-dark/index.html (+88ms) 
08:26:59   ├─ /whats-on/by-mood/index.html (+9ms) 
08:26:59   ├─ /whats-on/feed.json (+83ms) 
08:26:59   ├─ /whats-on/this-weekend/archive/2026-04-24/index.html (+57ms) 
08:26:59   ├─ /whats-on/this-weekend/archive/2026-04-26/index.html (+44ms) 
08:26:59   ├─ /whats-on/this-weekend/archive/2026-06-29/index.html (+44ms) 
08:27:00   ├─ /whats-on/this-weekend/archive/2026-07-10/index.html (+41ms) 
08:27:00   ├─ /whats-on/this-weekend/archive/2026-07-13/index.html (+42ms) 
08:27:00   ├─ /whats-on/this-weekend/archive/2026-05-31/index.html (+51ms) 
08:27:00   ├─ /whats-on/this-weekend/archive/2026-06-07/index.html (+44ms) 
08:27:00   ├─ /whats-on/this-weekend/archive/2026-06-15/index.html (+47ms) 
08:27:00   ├─ /whats-on/this-weekend/archive/2026-06-22/index.html (+44ms) 
08:27:00   ├─ /whats-on/this-weekend/archive/2026-05-03/index.html (+49ms) 
08:27:00   ├─ /whats-on/this-weekend/archive/2026-05-11/index.html (+46ms) 
08:27:00   ├─ /whats-on/this-weekend/archive/2026-05-17/index.html (+41ms) 
08:27:00   ├─ /whats-on/this-weekend/archive/2026-05-24/index.html (+46ms) 
08:27:00   ├─ /whats-on/this-weekend/archive/index.html (+9ms) 
08:27:00   ├─ /whats-on/this-weekend/index.html (+311ms) 
08:27:00   ├─ /whats-on/upcoming.json (+1.56s) 
08:27:02   ├─ /whats-on/acoustic-saturdays-peppers-moonah-links-2026/index.html (+284ms) 
08:27:02   ├─ /whats-on/alba-fire-and-ice-sessions/index.html (+112ms) 
08:27:02   ├─ /whats-on/anzac-day-sorrento-dawn/index.html (+97ms) 
08:27:02   ├─ /whats-on/aperitivo-hour-trofeo-estate-winter-2026/index.html (+91ms) 
08:27:02   ├─ /whats-on/arj-barker-live-at-barlow/index.html (+106ms) 
08:27:03   ├─ /whats-on/autumn-winery-walk-2026/index.html (+97ms) 
08:27:03   ├─ /whats-on/bass-flinders-gin-masterclass/index.html (+94ms) 
08:27:03   ├─ /whats-on/boneo-community-market/index.html (+113ms) 
08:27:03   ├─ /whats-on/breast-foot-forward-annual-community-walk-and-run-2026/index.html (+131ms) 
08:27:03   ├─ /whats-on/briars-eco-explorers-autumn/index.html (+124ms) 
08:27:03   ├─ /whats-on/brunch-thyme-alba-thermal-springs-winter-2026/index.html (+113ms) 
08:27:03   ├─ /whats-on/chocolaterie-junior-chocolatier/index.html (+125ms) 
08:27:03   ├─ /whats-on/coastrek-mornington-peninsula-2026/index.html (+114ms) 
08:27:03   ├─ /whats-on/country-day-tar-barrel-august-2026/index.html (+92ms) 
08:27:04   ├─ /whats-on/crib-point-community-market/index.html (+103ms) 
08:27:04   ├─ /whats-on/crittenden-wines-king-s-birthday-wine-weekend-events/index.html (+104ms) 
08:27:04   ├─ /whats-on/doggy-day-out-mornington-peninsula-2026/index.html (+110ms) 
08:27:04   ├─ /whats-on/dromana-community-market/index.html (+99ms) 
08:27:04   ├─ /whats-on/emu-plains-market/index.html (+89ms) 
08:27:04   ├─ /whats-on/emu-plains-market-balnarring/index.html (+92ms) 
08:27:04   ├─ /whats-on/family-mystery-picnic-mornington-peninsula-2026/index.html (+132ms) 
08:27:04   ├─ /whats-on/faux-snow-flurries-arthurs-seat-eagle-2026/index.html (+110ms) 
08:27:04   ├─ /whats-on/flinders-hotel-mothers-day-2026/index.html (+111ms) 
08:27:04   ├─ /whats-on/flinders-truffles-winter-truffle-hunt-season/index.html (+89ms) 
08:27:05   ├─ /whats-on/foxeys-hangout-vegetable-feast-morning-sun-vineyard/index.html (+102ms) 
08:27:05   ├─ /whats-on/glamping-tents-horror-movie-campout-back-from-the-dead-tour-2026/index.html (+89ms) 
08:27:05   ├─ /whats-on/harry-baker-2k-sailing-regatta/index.html (+100ms) 
08:27:05   ├─ /whats-on/hastings-thursday-street-market/index.html (+87ms) 
08:27:05   ├─ /whats-on/heart-of-the-community-market-rosebud/index.html (+102ms) 
08:27:05   ├─ /whats-on/helen-britton-story-so-far-mprg-2026/index.html (+120ms) 
08:27:05   ├─ /whats-on/high-tea-at-mornington-botanical-rose-gardens/index.html (+107ms) 
08:27:05   ├─ /whats-on/hill-ridge-community-market-september-2026-restart/index.html (+92ms) 
08:27:05   ├─ /whats-on/jetty-road-brewery-mothers-day-2026/index.html (+102ms) 
08:27:05   ├─ /whats-on/main-street-mornington-festival-2026/index.html (+116ms) 
08:27:06   ├─ /whats-on/michael-vale-exhibition-at-mprg/index.html (+109ms) 
08:27:06   ├─ /whats-on/moonlit-sanctuary-easter-program/index.html (+105ms) 
08:27:06   ├─ /whats-on/mornington-christmas-festival-main-street-christmas-parade/index.html (+105ms) 
08:27:06   ├─ /whats-on/mornington-cup-2026/index.html (+100ms) 
08:27:06   ├─ /whats-on/mornington-king-s-birthday-race-day/index.html (+100ms) 
08:27:06   ├─ /whats-on/mornington-peninsula-regional-gallery-school-holiday-workshops/index.html (+97ms) 
08:27:06   ├─ /whats-on/mornington-peninsula-winter-wine-weekend-2026/index.html (+115ms) 
08:27:06   ├─ /whats-on/mornington-peninsula-winter-wine-weekend-winter-wine-festival/index.html (+104ms) 
08:27:06   ├─ /whats-on/mornington-racecourse-market/index.html (+92ms) 
08:27:07   ├─ /whats-on/mornington-racecourse-market-may-2026/index.html (+117ms) 
08:27:07   ├─ /whats-on/mornington-racecourse-monthly-market-june-2026/index.html (+107ms) 
08:27:07   ├─ /whats-on/mornington-tourist-railway-santa-specials/index.html (+93ms) 
08:27:07   ├─ /whats-on/mornington-tourist-railway-school-holiday-special-runs/index.html (+103ms) 
08:27:07   ├─ /whats-on/mornington-wednesday-market-main-street-market/index.html (+106ms) 
08:27:07   ├─ /whats-on/mornington-winter-music-festival-2026/index.html (+116ms) 
08:27:07   ├─ /whats-on/mothers-day-classic-moonah-links-2026/index.html (+106ms) 
08:27:07   ├─ /whats-on/mprg-autumn-exhibition/index.html (+110ms) 
08:27:07   ├─ /whats-on/mt-eliza-farmers-market/index.html (+91ms) 
08:27:07   ├─ /whats-on/mt-martha-south-beach-market/index.html (+113ms) 
08:27:08   ├─ /whats-on/mugs-keep-cups-workshop-peninsula-ceramics-studio-july-2026/index.html (+111ms) 
08:27:08   ├─ /whats-on/nancye-wynne-bolton-ola-golf-day-2026/index.html (+96ms) 
08:27:08   ├─ /whats-on/natalia-milosz-piekarska-sifted-light-mprg-2026/index.html (+109ms) 
08:27:08   ├─ /whats-on/national-works-on-paper-2026-nwop/index.html (+95ms) 
08:27:08   ├─ /whats-on/new-wave-26-at-mprg/index.html (+117ms) 
08:27:08   ├─ /whats-on/ninch-nabs-samples-seconds-makers-market/index.html (+128ms) 
08:27:08   ├─ /whats-on/pearcedale-community-market/index.html (+108ms) 
08:27:08   ├─ /whats-on/peninsula-hot-springs-allara-briggs-pattison/index.html (+110ms) 
08:27:08   ├─ /whats-on/peninsula-hot-springs-bathe-in-cinema-thursdays/index.html (+111ms) 
08:27:09   ├─ /whats-on/peninsula-hot-springs-daily-studio-yoga/index.html (+120ms) 
08:27:09   ├─ /whats-on/peninsula-hot-springs-hot-springs-yoga-complimentary/index.html (+92ms) 
08:27:09   ├─ /whats-on/peninsula-hot-springs-kodomo-no-hi/index.html (+1.85s) 
08:27:11   ├─ /whats-on/peninsula-hot-springs-sound-healing-sessions/index.html (+93ms) 
08:27:11   ├─ /whats-on/peninsula-hot-springs-sunday-sessions/index.html (+163ms) 
08:27:11   ├─ /whats-on/peninsula-summer-music-festival-2027/index.html (+93ms) 
08:27:11   ├─ /whats-on/peninsula-summer-music-festival-2027-save-the-date/index.html (+97ms) 
08:27:11   ├─ /whats-on/pier-10-mothers-day-lunch-2026/index.html (+120ms) 
08:27:11   ├─ /whats-on/point-nepean-portsea-market/index.html (+113ms) 
08:27:11   ├─ /whats-on/polperro-cellar-table-private-dining-experience/index.html (+90ms) 
08:27:11   ├─ /whats-on/pt-leo-estate-local-complimentary-sculpture-park-winter-2026/index.html (+96ms) 
08:27:12   ├─ /whats-on/pt-leo-estate-sculpture-park/index.html (+94ms) 
08:27:12   ├─ /whats-on/pub-carols-thursday-17th-december/index.html (+121ms) 
08:27:12   ├─ /whats-on/red-hill-brewery-secret-stash-weekend/index.html (+110ms) 
08:27:12   ├─ /whats-on/red-hill-market-first-saturday/index.html (+96ms) 
08:27:12   ├─ /whats-on/red-hill-truffles-winter-truffle-hunt-season/index.html (+92ms) 
08:27:12   ├─ /whats-on/restore-pamper-retreat-at-polperro-farmhouse/index.html (+94ms) 
08:27:12   ├─ /whats-on/rocky-road-festival-mornington-peninsula-chocolaterie/index.html (+107ms) 
08:27:12   ├─ /whats-on/rocky-road-festival-tasting-sessions/index.html (+105ms) 
08:27:12   ├─ /whats-on/shoreham-community-market/index.html (+138ms) 
08:27:12   ├─ /whats-on/sip-sketch-sculpture-park-pt-leo-estate-school-holidays-2026/index.html (+102ms) 
08:27:13   ├─ /whats-on/soil-cellar-flinders-truffles-x-polperro-winery/index.html (+100ms) 
08:27:13   ├─ /whats-on/songs-of-dreams-and-destiny/index.html (+122ms) 
08:27:13   ├─ /whats-on/sorrento-solstice-festival-2026/index.html (+115ms) 
08:27:13   ├─ /whats-on/sorrento-solstice-festival-fire-night/index.html (+101ms) 
08:27:13   ├─ /whats-on/sorrento-writers-festival-2026/index.html (+101ms) 
08:27:13   ├─ /whats-on/soul-night-market-mornington/index.html (+100ms) 
08:27:13   ├─ /whats-on/soul-night-market-sorrento-beach/index.html (+105ms) 
08:27:13   ├─ /whats-on/sound-circle-full-moon-sound-journey-at-peninsula-hot-springs/index.html (+89ms) 
08:27:13   ├─ /whats-on/southern-peninsula-sleepout-the-ranch-2026/index.html (+98ms) 
08:27:13   ├─ /whats-on/stonier-fire-wine-winter-lunch/index.html (+108ms) 
08:27:14   ├─ /whats-on/stonier-pies-pinot-king-s-birthday-weekend/index.html (+104ms) 
08:27:14   ├─ /whats-on/stonier-vineyard-tours-new-release-pinot-tasting/index.html (+96ms) 
08:27:14   ├─ /whats-on/sunny-ridge-strawberry-picking/index.htmlEntry venues → sunny-ridge-strawberry-farm was not found.
 (+105ms) 
08:27:14   ├─ /whats-on/sustainable-house-day-2026/index.html (+98ms) 
08:27:14   ├─ /whats-on/tall-poppy-melbourne-design-week-exhibition/index.html (+100ms) 
08:27:14   ├─ /whats-on/ten-minutes-by-tractor-terroir-masterclass/index.html (+87ms) 
08:27:14   ├─ /whats-on/the-bloody-long-walk-mornington-peninsula-2026/index.html (+85ms) 
08:27:14   ├─ /whats-on/the-enchanted-market-at-the-briars/index.html (+107ms) 
08:27:14   ├─ /whats-on/tootgarook-primary-school-market/index.html (+85ms) 
08:27:14   ├─ /whats-on/trace-duo-exhibition/index.html (+100ms) 
08:27:15   ├─ /whats-on/trace-duo-exhibition-at-lander-se/index.html (+103ms) 
08:27:15   ├─ /whats-on/trivia-jetty-road-brewery-winter-2026/index.html (+101ms) 
08:27:15   ├─ /whats-on/wild-mushroom-forage-lunch-with-the-kitchen/index.html (+141ms) 
08:27:15   ├─ /whats-on/winter-acoustic-sessions-portsea-hotel-2026/index.html (+96ms) 
08:27:15   ├─ /whats-on/winter-camp-2026-the-ranch/index.html (+101ms) 
08:27:15   ├─ /whats-on/winter-wine-weekend-full-3-day-peninsula-program/index.html (+110ms) 
08:27:15   ├─ /whats-on/winter-wine-weekend-june/index.html (+111ms) 
08:27:15   ├─ /whats-on/winter-wine-weekend-winter-wine-festival-red-hill-showgrounds/index.html (+99ms) 
08:27:15   ├─ /whats-on/youth-services-school-holiday-program/index.html (+100ms) 
08:27:16   ├─ /whats-on/index.html (+387ms) 
08:27:16   ├─ /wine/appointment-producers/index.html (+51ms) 
08:27:16   ├─ /wine/ashcombe-maze/index.html (+4ms) 
08:27:16   ├─ /wine/balnarring/index.html (+55ms) 
08:27:16   ├─ /wine/best-cellar-doors/index.html (+51ms) 
08:27:16   ├─ /wine/best-wineries-mornington-peninsula/index.html (+4ms) 
08:27:16   ├─ /wine/brewery/index.html (+4ms) 
08:27:16   ├─ /wine/cellar-doors/index.html (+4ms) 
08:27:16   ├─ /wine/chardonnay/index.html (+58ms) 
08:27:16   ├─ /wine/distillery/index.html (+4ms) 
08:27:16   ├─ /wine/dog-friendly/index.html (+4ms) 
08:27:16   ├─ /wine/flinders/index.html (+52ms) 
08:27:16   ├─ /wine/main-ridge/index.html (+53ms) 
08:27:16   ├─ /wine/merricks/index.html (+55ms) 
08:27:16   ├─ /wine/moorooduc/index.html (+5ms) 
08:27:16   ├─ /wine/moorooduc-tuerong/index.html (+44ms) 
08:27:16   ├─ /wine/pinot-noir/index.html (+55ms) 
08:27:16   ├─ /wine/red-hill/index.html (+50ms) 
08:27:16   ├─ /wine/red-hill-truffles/index.html (+4ms) 
08:27:16   ├─ /wine/sunny-ridge-strawberry-farm/index.html (+3ms) 
08:27:16   ├─ /wine/wine-region/index.html (+44ms) 
08:27:17   ├─ /wine/avani-wines/index.html (+122ms) 
08:27:17   ├─ /wine/baillieu-vineyard/index.html (+111ms) 
08:27:17   ├─ /wine/barmah-park-vineyard/index.html (+89ms) 
08:27:17   ├─ /wine/bass-and-flinders/index.html (+83ms) 
08:27:17   ├─ /wine/crittenden-estate/index.html (+101ms) 
08:27:17   ├─ /wine/dexter-wines/index.html (+87ms) 
08:27:17   ├─ /wine/dromana-estate/index.html (+84ms) 
08:27:17   ├─ /wine/elan-vineyard/index.html (+89ms) 
08:27:17   ├─ /wine/eldridge-estate/index.html (+105ms) 
08:27:17   ├─ /wine/elgee-park/index.html (+89ms) 
08:27:17   ├─ /wine/foxeys-hangout/index.html (+92ms) 
08:27:18   ├─ /wine/garagiste/index.html (+90ms) 
08:27:18   ├─ /wine/hurley-vineyard/index.html (+92ms) 
08:27:18   ├─ /wine/jetty-road-brewery/index.html (+93ms) 
08:27:18   ├─ /wine/kerri-greens/index.html (+89ms) 
08:27:18   ├─ /wine/kooyong/index.html (+83ms) 
08:27:18   ├─ /wine/lightfoot-wines/index.html (+81ms) 
08:27:18   ├─ /wine/main-ridge-estate/index.html (+96ms) 
08:27:18   ├─ /wine/merricks-estate/index.html (+85ms) 
08:27:18   ├─ /wine/montalto/index.html (+85ms) 
08:27:18   ├─ /wine/moorooduc-estate/index.html (+83ms) 
08:27:18   ├─ /wine/morning-sun/index.html (+81ms) 
08:27:19   ├─ /wine/mornington-peninsula-brewery/index.html (+82ms) 
08:27:19   ├─ /wine/nazaaray-estate/index.html (+88ms) 
08:27:19   ├─ /wine/ocean-eight/index.html (+92ms) 
08:27:19   ├─ /wine/onannon/index.html (+97ms) 
08:27:19   ├─ /wine/paradigm-hill/index.html (+84ms) 
08:27:19   ├─ /wine/paringa-estate/index.html (+81ms) 
08:27:19   ├─ /wine/phaedrus-estate/index.html (+82ms) 
08:27:19   ├─ /wine/polperro/index.html (+80ms) 
08:27:19   ├─ /wine/port-phillip-estate/index.html (+97ms) 
08:27:19   ├─ /wine/prancing-horse-estate/index.html (+79ms) 
08:27:19   ├─ /wine/pt-leo-estate/index.html (+98ms) 
08:27:19   ├─ /wine/quealy-winemakers/index.html (+84ms) 
08:27:20   ├─ /wine/red-hill-brewery/index.html (+87ms) 
08:27:20   ├─ /wine/red-hill-estate/index.html (+109ms) 
08:27:20   ├─ /wine/scorpo-wines/index.html (+84ms) 
08:27:20   ├─ /wine/st-andrews-beach-brewery/index.html (+85ms) 
08:27:20   ├─ /wine/stonier-wines/index.html (+85ms) 
08:27:20   ├─ /wine/stumpy-gully-vineyard/index.html (+83ms) 
08:27:20   ├─ /wine/t-gallant/index.html (+79ms) 
08:27:20   ├─ /wine/ten-minutes-by-tractor/index.html (+82ms) 
08:27:20   ├─ /wine/trofeo-estate/index.html (+87ms) 
08:27:20   ├─ /wine/tucks-ridge/index.html (+87ms) 
08:27:20   ├─ /wine/two-bays-brewing/index.html (+87ms) 
08:27:21   ├─ /wine/willow-creek-vineyard/index.html (+87ms) 
08:27:21   ├─ /wine/yabby-lake/index.html (+91ms) 
08:27:21   ├─ /wine/index.html[v5 Card] title over 60 chars (73): "The Chardonnay Case: Why the Peninsula's Second Wine Deserve..."
[v5 Card] title over 60 chars (64): "The Cellar Door Short List: Five Producers Worth the Appoint..."
 (+74ms) 
08:27:21   ├─ /index.html[v5 Card] title over 60 chars (76): "The Peninsula Golf Weekend: Two Nights, One Serious Round, R..."
[v5 Card] verdict over 25 words for "the-peninsula-golf-weekend"
 (+196ms) 
08:27:21 ✓ Completed in 1m 5s.

08:27:21 [build] ✓ Completed in 1m 33s.
08:27:23 [pi-cache-bust-images] pi-cache-bust-images: stamped 10255 reference(s) across 730 page(s) (156 distinct image(s) hashed).
08:27:23 [build] 961 page(s) built in 1m 44s
08:27:23 [build] Complete!

> peninsula-insider-next@0.0.1 lint:no-hidden-pages
> node scripts/lint-no-hidden-pages.mjs

lint-no-hidden-pages: OK (738 page(s) visible, 226 redirect stub(s) exempt).

> peninsula-insider-next@0.0.1 lint:seo-architecture
> node scripts/lint-seo-architecture.mjs

SEO architecture lint REGRESSED (3 assertion(s) worse than baseline):
  sitemap-absent: 22 finding(s), baseline allows 21
  consolidation-loser: 5 finding(s), baseline allows 1
  imageobject-diversity: floor dropped to 46, baseline requires at least 58

Findings for the regressed assertions:
  /home/user/peninsula-insider/next/dist/escape/mornington-peninsula-itinerary/index.html: indexable page absent from sitemap (https://peninsulainsider.com.au/explore/plans/mornington-peninsula-itinerary/)
  /home/user/peninsula-insider/next/dist/events/annual-festivals/index.html: indexable page absent from sitemap (https://peninsulainsider.com.au/events/annual-festivals/)
  /home/user/peninsula-insider/next/dist/events/index.html: indexable page absent from sitemap (https://peninsulainsider.com.au/events/)
  /home/user/peninsula-insider/next/dist/events/main-street-mornington-festival/index.html: indexable page absent from sitemap (https://peninsulainsider.com.au/events/main-street-mornington-festival/)
  /home/user/peninsula-insider/next/dist/events/mornington-winter-music-festival/index.html: indexable page absent from sitemap (https://peninsulainsider.com.au/events/mornington-winter-music-festival/)
  /home/user/peninsula-insider/next/dist/events/peninsula-film-festival/index.html: indexable page absent from sitemap (https://peninsulainsider.com.au/events/peninsula-film-festival/)
  /home/user/peninsula-insider/next/dist/events/portsea-polo/index.html: indexable page absent from sitemap (https://peninsulainsider.com.au/events/portsea-polo/)
  /home/user/peninsula-insider/next/dist/events/portsea-swim-classic/index.html: indexable page absent from sitemap (https://peninsulainsider.com.au/events/portsea-swim-classic/)
  /home/user/peninsula-insider/next/dist/events/portsea-twilight/index.html: indexable page absent from sitemap (https://peninsulainsider.com.au/events/portsea-twilight/)
  /home/user/peninsula-insider/next/dist/events/sailing-regattas/index.html: indexable page absent from sitemap (https://peninsulainsider.com.au/events/sailing-regattas/)
  /home/user/peninsula-insider/next/dist/events/sorrento-writers-festival/index.html: indexable page absent from sitemap (https://peninsulainsider.com.au/events/sorrento-writers-festival/)
  /home/user/peninsula-insider/next/dist/events/wine-weekends/index.html: indexable page absent from sitemap (https://peninsulainsider.com.au/events/wine-weekends/)
  /home/user/peninsula-insider/next/dist/events/winter-wine-weekend/index.html: indexable page absent from sitemap (https://peninsulainsider.com.au/events/winter-wine-weekend/)
  /home/user/peninsula-insider/next/dist/explore/plans/build/index.html: indexable page absent from sitemap (https://peninsulainsider.com.au/explore/plans/build/)
  /home/user/peninsula-insider/next/dist/explore/plans/mornington-peninsula-itinerary/index.html: indexable page absent from sitemap (https://peninsulainsider.com.au/explore/plans/mornington-peninsula-itinerary/)
  /home/user/peninsula-insider/next/dist/journal/peninsula-glossary/index.html: indexable page absent from sitemap (https://peninsulainsider.com.au/journal/peninsula-glossary/)
  /home/user/peninsula-insider/next/dist/partners/update/index.html: indexable page absent from sitemap (https://peninsulainsider.com.au/partners/update/)
  /home/user/peninsula-insider/next/dist/picks/index.html: indexable page absent from sitemap (https://peninsulainsider.com.au/picks/)
  /home/user/peninsula-insider/next/dist/plans/build/index.html: indexable page absent from sitemap (https://peninsulainsider.com.au/explore/plans/build/)
  /home/user/peninsula-insider/next/dist/plans/mornington-peninsula-itinerary/index.html: indexable page absent from sitemap (https://peninsulainsider.com.au/explore/plans/mornington-peninsula-itinerary/)
  /home/user/peninsula-insider/next/dist/stay/endota-spa-mornington/index.html: indexable page absent from sitemap (https://peninsulainsider.com.au/explore/spas-and-wellness/#endota-spa-mornington)
  /home/user/peninsula-insider/next/dist/walks/easy-walks-mornington-peninsula/index.html: indexable page absent from sitemap (https://peninsulainsider.com.au/walks/easy-walks-mornington-peninsula/)
  /home/user/peninsula-insider/next/dist/journal/boat-moorings-berths-mornington-peninsula/index.html: consolidation loser /places/mornington/
  /home/user/peninsula-insider/next/dist/journal/peninsula-glossary/index.html: consolidation loser /places/sorrento/
  /home/user/peninsula-insider/next/dist/journal/peninsula-glossary/index.html: consolidation loser /places/red-hill/
  /home/user/peninsula-insider/next/dist/journal/peninsula-glossary/index.html: consolidation loser /places/
  /home/user/peninsula-insider/next/dist/journal/peninsula-glossary/index.html: consolidation loser /places/

If this change is a deliberate, accepted trade-off, re-baseline with:
  npm run lint:seo-architecture -- --update-baseline
